Copyright 1986-1999, 2001-2013 Xilinx, Inc. All Rights Reserved.
---------------------------------------------------------------------------------------------------------------------------------
| Tool Version : Vivado v.2013.2 (lin64) Build 272601 Sat Jun 15 11:11:11 MDT 2013
| Date         : Mon Sep  2 11:47:20 2013
| Host         : nf-test104.cl.cam.ac.uk running 64-bit Fedora release 16 (Verne)
| Command      : report_utilization -file vc709_10g_interface_utilization_synth.rpt -pb vc709_10g_interface_utilization_synth.pb
| Design       : vc709_10g_interface
| Device       : xc7vx690t
| Design State : Synthesized
---------------------------------------------------------------------------------------------------------------------------------

Utilization Design Information

Table of Contents
-----------------
1. Slice Logic
2. Memory
3. DSP
4. IO and GTX Specific
5. Clocking
6. Specific Feature
7. Primitives
8. Black Boxes
9. Instantiated Netlists

1. Slice Logic
--------------

+----------------------------+-------+-------+-----------+-------+
|          Site Type         |  Used | Loced | Available | Util% |
+----------------------------+-------+-------+-----------+-------+
| Slice LUTs*                | 23599 |     0 |    433200 |  5.44 |
|   LUT as Logic             | 21723 |     0 |    433200 |  5.01 |
|   LUT as Memory            |  1876 |     0 |    174200 |  1.07 |
|     LUT as Distributed RAM |  1128 |     0 |           |       |
|     LUT as Shift Register  |   748 |     0 |           |       |
| Slice Registers            | 23020 |     0 |    866400 |  2.65 |
|   Register as Flip Flop    | 23020 |     0 |    866400 |  2.65 |
|   Register as Latch        |     0 |     0 |    866400 |  0.00 |
| F7 Muxes                   |   196 |     0 |    216600 |  0.09 |
| F8 Muxes                   |     0 |     0 |    108300 |  0.00 |
+----------------------------+-------+-------+-----------+-------+
* Warning! The Final LUT count, after physical optimizations and full implementation, is typically lower. Run opt_design after synthesis for a more realistic count.


2. Memory
---------

+-------------------+------+-------+-----------+-------+
|     Site Type     | Used | Loced | Available | Util% |
+-------------------+------+-------+-----------+-------+
| Block RAM Tile    |   23 |     0 |      1470 |  1.56 |
|   RAMB36/FIFO*    |   17 |     0 |      1470 |  1.15 |
|     RAMB36E1 only |   17 |       |           |       |
|   RAMB18          |   12 |     0 |      2940 |  0.40 |
|     RAMB18E1 only |   12 |       |           |       |
+-------------------+------+-------+-----------+-------+
* Note: Each Block RAM Tile only has one FIFO logic available and therefore can accommodate only one FIFO36E1 or one FIFO18E1. However, if a FIFO18E1 occupies a Block RAM Tile, that tile can still accommodate a RAMB18E1


3. DSP
------

+-----------+------+-------+-----------+-------+
| Site Type | Used | Loced | Available | Util% |
+-----------+------+-------+-----------+-------+
| DSPs      |    0 |     0 |      3600 |  0.00 |
+-----------+------+-------+-----------+-------+


4. IO and GTX Specific
----------------------

+-----------------------------+------+-------+-----------+-------+
|          Site Type          | Used | Loced | Available | Util% |
+-----------------------------+------+-------+-----------+-------+
| Bonded IOB                  |   19 |     0 |       850 |  2.23 |
| Bonded IPADs                |   10 |     0 |       110 |  9.09 |
| Bonded OPADs                |    8 |     0 |        72 | 11.11 |
| GTHE2_CHANNEL               |    4 |     0 |        36 | 11.11 |
| GTHE2_COMMON                |    1 |     0 |         9 | 11.11 |
| IBUFGDS                     |    0 |     0 |       816 |  0.00 |
| IDELAYCTRL                  |    0 |     0 |        20 |  0.00 |
| IN_FIFO                     |    0 |     0 |        80 |  0.00 |
| OUT_FIFO                    |    0 |     0 |        80 |  0.00 |
| PHASER_REF                  |    0 |     0 |        20 |  0.00 |
| PHY_CONTROL                 |    0 |     0 |        20 |  0.00 |
| PHASER_OUT/PHASER_OUT_PHY   |    0 |     0 |        80 |  0.00 |
| PHASER_IN/PHASER_IN_PHY     |    0 |     0 |        80 |  0.00 |
| IDELAYE2/IDELAYE2_FINEDELAY |    0 |     0 |      1000 |  0.00 |
| ODELAYE2/ODELAYE2_FINEDELAY |    0 |     0 |      1000 |  0.00 |
| IBUFDS_GTE2                 |    1 |     0 |        40 |  2.50 |
| ILOGIC                      |    0 |     0 |       850 |  0.00 |
| OLOGIC                      |    0 |     0 |       850 |  0.00 |
+-----------------------------+------+-------+-----------+-------+


5. Clocking
-----------

+------------+------+-------+-----------+-------+
|  Site Type | Used | Loced | Available | Util% |
+------------+------+-------+-----------+-------+
| BUFGCTRL   |    5 |     0 |        32 | 15.62 |
| BUFIO      |    0 |     0 |        80 |  0.00 |
| MMCME2_ADV |    1 |     0 |        20 |  5.00 |
| PLLE2_ADV  |    0 |     0 |        20 |  0.00 |
| BUFMRCE    |    0 |     0 |        40 |  0.00 |
| BUFHCE     |    5 |     0 |       240 |  2.08 |
| BUFR       |    0 |     0 |        80 |  0.00 |
+------------+------+-------+-----------+-------+


6. Specific Feature
-------------------

+-------------+------+-------+-----------+-------+
|  Site Type  | Used | Loced | Available | Util% |
+-------------+------+-------+-----------+-------+
| BSCANE2     |    0 |     0 |         4 |  0.00 |
| CAPTUREE2   |    0 |     0 |         1 |  0.00 |
| DNA_PORT    |    0 |     0 |         1 |  0.00 |
| EFUSE_USR   |    0 |     0 |         1 |  0.00 |
| FRAME_ECCE2 |    0 |     0 |         1 |  0.00 |
| ICAPE2      |    0 |     0 |         2 |  0.00 |
| PCIE_3_0    |    0 |     0 |         3 |  0.00 |
| STARTUPE2   |    0 |     0 |         1 |  0.00 |
| XADC        |    0 |     0 |         1 |  0.00 |
+-------------+------+-------+-----------+-------+


7. Primitives
-------------

+---------------+-------+
|    Ref Name   |  Used |
+---------------+-------+
| FDRE          | 19234 |
| LUT6          | 10518 |
| LUT5          |  4304 |
| LUT3          |  3722 |
| LUT2          |  2758 |
| LUT4          |  2756 |
| FDCE          |  2340 |
| LUT1          |  1246 |
| RAMD32        |  1128 |
| FDSE          |  1126 |
| SRL16E        |   748 |
| CARRY4        |   644 |
| FDPE          |   320 |
| MUXF7         |   196 |
| OBUF          |    22 |
| RAMB36E1      |    17 |
| IBUF          |    13 |
| RAMB18E1      |    12 |
| RAMS32        |     8 |
| RAMD64E       |     8 |
| BUFG          |     5 |
| GTHE2_CHANNEL |     4 |
| BUFH          |     4 |
| OBUFT         |     2 |
| MMCME2_ADV    |     1 |
| IBUFDS_GTE2   |     1 |
| IBUFDS        |     1 |
| GTHE2_COMMON  |     1 |
| BUFHCE        |     1 |
+---------------+-------+


8. Black Boxes
--------------

+----------+------+
| Ref Name | Used |
+----------+------+


9. Instantiated Netlists
------------------------

+----------+------+
| Ref Name | Used |
+----------+------+


